// Jest Snapshot v1, https://goo.gl/fbAQLP

exports[`Audiencias page snapshot should not have changes 1`] = `ReactWrapper {}`;
