// Jest Snapshot v1, https://goo.gl/fbAQLP

exports[`Wikilegis page snapshot should not have changes 1`] = `ReactWrapper {}`;
