// Jest Snapshot v1, https://goo.gl/fbAQLP

exports[`snapshot should not have changes 1`] = `ShallowWrapper {}`;

exports[`snapshot should not have changes 2`] = `ReactWrapper {}`;
