// Jest Snapshot v1, https://goo.gl/fbAQLP

exports[`404 Snapshot page should render and not have changes 1`] = `ReactWrapper {}`;
