// Jest Snapshot v1, https://goo.gl/fbAQLP

exports[`Snapshot 404 page should not have changes 1`] = `ReactWrapper {}`;
