// Jest Snapshot v1, https://goo.gl/fbAQLP

exports[`Snapshot 500 page should not have changes 1`] = `ReactWrapper {}`;
