// Jest Snapshot v1, https://goo.gl/fbAQLP

exports[`Snapshot Sobre page should not have changes 1`] = `ReactWrapper {}`;
